[digitonaut.com/art/kaleido_tunnel/index.html]
[backblue.gif]
[fade.gif]
[index.html]
[digitonaut.com/art/kaleidoscope/index.html]
[digitonaut.com/art/kaleidoscopix/index.html]
[digitonaut.com/art/kaleiscop_b/index.html]
[digitonaut.com/art/kaleiscop_c/index.html]
[digitonaut.com/art/kaleido_tunnel/shader-web-background.min.js]
[digitonaut.com/art/kaleiscop_h/index.html]
[digitonaut.com/art/kaleido_tunnel/index.html]
[digitonaut.com/art/kaleiscop_i/index.html]
[digitonaut.com/art/kaleiscop_j/index.html]
[digitonaut.com/art/kaleohe/index.html]
[digitonaut.com/art/kalizyl/index.html]
[digitonaut.com/art/kali_fractal_variation/index.html]
[digitonaut.com/art/kissing_donuts/index.html]
[digitonaut.com/art/koi_fish/index.html]
[digitonaut.com/art/krypto_planes/index.html]
[digitonaut.com/art/krypton_sunrise/index.html]
[digitonaut.com/art/kaleidolines/index.html]
[digitonaut.com/art/kaleidolines/index.html]
[digitonaut.com/art/kaleidoscope/js/controls/OrbitControls.js]
[digitonaut.com/art/kaleidoscope/js/controls/TrackballControls.js]
[digitonaut.com/art/kaleidoscope/js/TorusKnotShape.js]
[digitonaut.com/art/kaleidoscope/index.html]
[digitonaut.com/art/kaleidoscope/script.js]
[digitonaut.com/art/kaleidolines/processing.min.js]
[digitonaut.com/art/kaleidoscopix/index.html]
[digitonaut.com/art/kaleidoscopix/main.js]
[digitonaut.com/art/kaleiscop_b/index.html]
[digitonaut.com/art/kaleiscop_b/main.js]
[digitonaut.com/art/kaleidoscope/js/three.min.js]
[digitonaut.com/art/kaleiscop_c/main.js]
[digitonaut.com/art/kaleiscop_c/index.html]
[digitonaut.com/art/kaleidoscopix/three.min.js]
[digitonaut.com/art/kaleiscop_h/main.js]
[digitonaut.com/art/kaleiscop_h/index.html]
[digitonaut.com/art/kaleiscop_b/three.min.js]
[digitonaut.com/art/kaleiscop_c/three.min.js]
[digitonaut.com/art/kaleiscop_i/index.html]
[digitonaut.com/art/kaleiscop_i/main.js]
[digitonaut.com/art/kaleiscop_j/index.html]
[digitonaut.com/art/kaleiscop_h/three.min.js]
[digitonaut.com/art/kaleiscop_j/main.js]
[digitonaut.com/art/kaleohe/index.html]
[digitonaut.com/art/kaleohe/shader-web-background.min.js]
[digitonaut.com/art/kali_fractal_variation/0_0_4_rgba.js]
[digitonaut.com/art/kali_fractal_variation/script.js]
[digitonaut.com/art/kali_fractal_variation/index.html]
[digitonaut.com/art/kaleiscop_i/three.min.js]
[digitonaut.com/art/kalizyl/index.html]
[digitonaut.com/art/kalizyl/main.js]
[digitonaut.com/art/kissing_donuts/index.html]
[digitonaut.com/art/koi_fish/style.css]
[digitonaut.com/art/kissing_donuts/shader-web-background.min.js]
[digitonaut.com/art/koi_fish/script.js]
[digitonaut.com/art/koi_fish/index.html]
[digitonaut.com/art/krypto_planes/index.html]
[digitonaut.com/art/krypto_planes/main.js]
[digitonaut.com/art/kaleiscop_j/three.min.js]
[digitonaut.com/art/krypton_sunrise/shader-web-background.min.js]
[digitonaut.com/art/krypton_sunrise/ichannel0.jpg]
[digitonaut.com/art/krypton_sunrise/index.html]
[digitonaut.com/art/kaleidoscopix/main.css]
[digitonaut.com/art/kaleiscop_b/main.css]
[digitonaut.com/art/kaleiscop_c/main.css]
[digitonaut.com/art/kaleiscop_h/main.css]
[digitonaut.com/art/kaleiscop_i/main.css]
[digitonaut.com/art/kaleiscop_j/main.css]
[digitonaut.com/art/kali_fractal_variation/style.css]
[digitonaut.com/art/kalizyl/main.css]
[digitonaut.com/art/kalizyl/three.min.js]
[digitonaut.com/art/koi_fish/style.css]
[digitonaut.com/art/krypto_planes/main.css]
[digitonaut.com/art/krypto_planes/three.min.js]
